// Jest Snapshot v1, https://goo.gl/fbAQLP

exports[`Login Form renders properly 1`] = `
<div class="login-container">
  <h2>Login to Your Account</h2>
  <form class="login-form">
    <div class="form-group">
      <label for="email">Email Address</label>
      <input
        type="email"
        id="email"
        name="email"
        placeholder="Enter your email"
        required
        class="form-control"
      />
      <div class="error-message"></div>
    </div>
    <div class="form-group">
      <label for="password">Password</label>
      <input
        type="password"
        id="password"
        name="password"
        placeholder="Enter your password"
        required
        class="form-control"
      />
      <div class="error-message"></div>
    </div>
    <div class="form-options">
      <div class="remember-me">
        <input type="checkbox" id="remember" name="remember" />
        <label for="remember">Remember me</label>
      </div>
      <a href="/forgot-password" class="forgot-password">Forgot password?</a>
    </div>
    <button type="submit" class="btn btn-primary btn-block">Login</button>
  </form>
  <div class="social-login">
    <p>Or login with:</p>
    <div class="social-buttons">
      <button class="btn btn-google">
        <img src="google-icon.png" alt="Google" />
        Google
      </button>
      <button class="btn btn-facebook">
        <img src="facebook-icon.png" alt="Facebook" />
        Facebook
      </button>
    </div>
  </div>
  <div class="register-link">
    <p>Don't have an account? <a href="/register">Register now</a></p>
  </div>
</div>
`;

exports[`Registration Form renders properly 1`] = `
<div class="register-container">
  <h2>Create an Account</h2>
  <form class="register-form">
    <div class="form-row">
      <div class="form-group">
        <label for="firstName">First Name</label>
        <input
          type="text"
          id="firstName"
          name="firstName"
          placeholder="Enter your first name"
          required
          class="form-control"
        />
        <div class="error-message"></div>
      </div>
      <div class="form-group">
        <label for="lastName">Last Name</label>
        <input
          type="text"
          id="lastName"
          name="lastName"
          placeholder="Enter your last name"
          required
          class="form-control"
        />
        <div class="error-message"></div>
      </div>
    </div>
    <div class="form-group">
      <label for="email">Email Address</label>
      <input
        type="email"
        id="email"
        name="email"
        placeholder="Enter your email"
        required
        class="form-control"
      />
      <div class="error-message"></div>
    </div>
    <div class="form-group">
      <label for="password">Password</label>
      <input
        type="password"
        id="password"
        name="password"
        placeholder="Create a password"
        required
        class="form-control"
      />
      <div class="password-requirements">
        Password must be at least 8 characters and include a letter, a number, and a special character
      </div>
    </div>
    <div class="form-group">
      <label for="confirmPassword">Confirm Password</label>
      <input
        type="password"
        id="confirmPassword"
        name="confirmPassword"
        placeholder="Confirm your password"
        required
        class="form-control"
      />
      <div class="error-message"></div>
    </div>
    <div class="form-group terms">
      <input type="checkbox" id="terms" name="terms" required />
      <label for="terms">I agree to the <a href="/terms">Terms of Service</a> and <a href="/privacy">Privacy Policy</a></label>
    </div>
    <button type="submit" class="btn btn-primary btn-block">Create Account</button>
  </form>
  <div class="login-link">
    <p>Already have an account? <a href="/login">Login here</a></p>
  </div>
</div>
`;
